2025-04-05 07:03:01,384 - scanner - INFO - root - Starting scanner worker
2025-04-05 07:05:44,022 - scanner - INFO - root - Got job 1613b7fb-e520-4870-83a9-123262b72155 from queue
2025-04-05 07:05:44,026 - scanner - INFO - root - Processing job 1613b7fb-e520-4870-83a9-123262b72155 for repository https://github.com/modelcontextprotocol/servers
2025-04-05 07:05:44,030 - scanner - INFO - scanner.services.repo_service - Cloning repository: https://github.com/modelcontextprotocol/servers
2025-04-05 07:05:45,316 - scanner - INFO - scanner.services.repo_service - Repository cloned successfully to /tmp/mcpscan/working/servers
2025-04-05 07:05:45,316 - scanner - INFO - scanner.services.scan_service - Running Semgrep analyzer on servers
2025-04-05 07:05:45,317 - scanner - INFO - scanner.analyzers.semgrep_analyzer - Running Semgrep with rule: file_access.yml
2025-04-05 07:05:46,525 - scanner - INFO - scanner.analyzers.semgrep_analyzer - Running Semgrep with rule: network_access.yml
2025-04-05 07:05:47,242 - scanner - INFO - scanner.analyzers.semgrep_analyzer - Running Semgrep with rule: process_execution.yml
2025-04-05 07:05:47,940 - scanner - INFO - scanner.analyzers.semgrep_analyzer - Running Semgrep with rule: obfuscation.yml
2025-04-05 07:05:48,579 - scanner - INFO - scanner.analyzers.semgrep_analyzer - Running Semgrep with rule: dangerous_code.yml
2025-04-05 07:05:49,225 - scanner - INFO - scanner.services.scan_service - Running package analyzer on servers
2025-04-05 07:05:49,226 - scanner - INFO - scanner.analyzers.package_analyzer - Detected project types: ['npm']
2025-04-05 07:05:49,226 - scanner - INFO - scanner.analyzers.package_analyzer - Running npm dependency analysis
2025-04-05 07:05:50,846 - scanner - INFO - scanner.services.scan_service - Saved combined results to /app/results/combined/servers_20250405_070550.json
2025-04-05 07:05:50,846 - scanner - INFO - scanner.services.score_service - Found 24 code issues, deducting 50 points
2025-04-05 07:05:50,846 - scanner - INFO - scanner.services.score_service - Found 2 npm vulnerabilities, deducting 12 points
2025-04-05 07:05:50,847 - scanner - INFO - scanner.services.score_service - Calculated trust score: 38, risk level: RiskLevel.CRITICAL
2025-04-05 07:05:50,847 - scanner - INFO - scanner.services.repo_service - Cleaning up repository directory: /tmp/mcpscan/working/servers
2025-04-05 07:05:50,851 - scanner - INFO - root - Completed job 1613b7fb-e520-4870-83a9-123262b72155 with score 38
2025-04-05 07:13:14,706 - scanner - INFO - root - Got job 544107c9-a7b7-4d01-a599-e9f8864bea57 from queue
2025-04-05 07:13:14,715 - scanner - INFO - root - Processing job 544107c9-a7b7-4d01-a599-e9f8864bea57 for repository https://github.com/modelcontextprotocol/servers
2025-04-05 07:13:14,718 - scanner - INFO - scanner.services.repo_service - Cloning repository: https://github.com/modelcontextprotocol/servers
2025-04-05 07:13:16,027 - scanner - INFO - scanner.services.repo_service - Repository cloned successfully to /tmp/mcpscan/working/servers
2025-04-05 07:13:16,028 - scanner - INFO - scanner.services.scan_service - Running Semgrep analyzer on servers
2025-04-05 07:13:16,028 - scanner - INFO - scanner.analyzers.semgrep_analyzer - Running Semgrep with rule: file_access.yml
2025-04-05 07:13:17,006 - scanner - INFO - scanner.analyzers.semgrep_analyzer - Running Semgrep with rule: network_access.yml
2025-04-05 07:13:17,697 - scanner - INFO - scanner.analyzers.semgrep_analyzer - Running Semgrep with rule: process_execution.yml
2025-04-05 07:13:18,310 - scanner - INFO - scanner.analyzers.semgrep_analyzer - Running Semgrep with rule: obfuscation.yml
2025-04-05 07:13:18,938 - scanner - INFO - scanner.analyzers.semgrep_analyzer - Running Semgrep with rule: dangerous_code.yml
2025-04-05 07:13:19,585 - scanner - INFO - scanner.services.scan_service - Running package analyzer on servers
2025-04-05 07:13:19,585 - scanner - INFO - scanner.analyzers.package_analyzer - Detected project types: ['npm']
2025-04-05 07:13:19,585 - scanner - INFO - scanner.analyzers.package_analyzer - Running npm dependency analysis
2025-04-05 07:13:21,442 - scanner - INFO - scanner.services.scan_service - Saved combined results to /app/results/combined/servers_20250405_071321.json
2025-04-05 07:13:21,442 - scanner - INFO - scanner.services.score_service - Found 24 code issues, deducting 50 points
2025-04-05 07:13:21,443 - scanner - INFO - scanner.services.score_service - Found 2 npm vulnerabilities, deducting 12 points
2025-04-05 07:13:21,444 - scanner - INFO - scanner.services.score_service - Calculated trust score: 38, risk level: RiskLevel.CRITICAL
2025-04-05 07:13:21,444 - scanner - INFO - scanner.services.repo_service - Cleaning up repository directory: /tmp/mcpscan/working/servers
2025-04-05 07:13:21,459 - scanner - INFO - root - Completed job 544107c9-a7b7-4d01-a599-e9f8864bea57 with score 38
